library.c:6:9:Enc_Read_Operation	24	static
library.c:34:6:Enc_Write_Operation	24	static
library.c:51:9:Enc_Read_Cont_Reg8	16	static
library.c:59:6:Set_Bank	16	static
library.c:66:6:Enc_Write_Cont_Reg8	16	static
library.c:74:10:Enc_Read_Cont_Reg16	24	static
library.c:86:6:Enc_Write_Cont_Reg16	24	static
library.c:97:6:Enc_INIT	8	static
library.c:121:6:ENC_SET_BANK_0_REGISTERS	8	static
library.c:158:6:ENC_SET_BANK_1_REGISTERS	16	static
library.c:172:6:ENC_SET_BANK_2_REGISTERS	8	static
library.c:194:6:ENC_SET_BANK_3_REGISTERS	8	static
library.c:212:9:Enc_Read_Buffer_Memory	24	static
library.c:229:6:Enc_Write_Buffer_toMemory	24	static
library.c:252:6:Spi_Enable	8	static
library.c:260:6:Spi_Disable	8	static
