library.c:6:9:Enc_Read_Operation	24	static
library.c:35:6:Enc_Write_Operation	24	static
library.c:49:9:Enc_Read_Cont_Reg8	16	static
library.c:57:6:Set_Bank	16	static
library.c:64:6:Enc_Write_Cont_Reg8	16	static
library.c:71:10:Enc_Read_Cont_Reg16	24	static
library.c:84:6:Enc_Read_Phy_Registers	4	static
library.c:90:6:Enc_Phy_Register_INIT	4	static
library.c:96:6:Enc_Write_Cont_Reg16	24	static
library.c:107:6:Enc_INIT	8	static
library.c:129:6:ENC_SET_BANK_0_REGISTERS	8	static
library.c:165:6:ENC_SET_BANK_1_REGISTERS	16	static
library.c:179:6:ENC_SET_BANK_2_REGISTERS	8	static
library.c:201:6:ENC_SET_BANK_3_REGISTERS	8	static
library.c:219:6:Enc_Read_Buffer_Memory	24	static
library.c:238:6:Enc_Write_Buffer_toMemory	24	static
library.c:269:6:Enc_Transmit_Packet	24	static
library.c:309:6:Spi_Enable	8	static
library.c:317:6:Spi_Disable	8	static
